FAILED tests/test_claim_ownership.py::OwnedClaimTest::test_owned_claim_is_reported_as_a_claim_dataclass
FAILED tests/test_claim_reclaim.py::OperatorRequeueClaimsTest::test_a_forced_requeue_still_never_overwrites_a_pending_name
FAILED tests/test_continue_fresh.py::ContinueFreshTest::test_continue_resumes_in_flight_task
FAILED tests/test_continue_fresh.py::ContinueFreshTest::test_fresh_run_reruns_full_waterfall
FAILED tests/test_git_commit_failure.py::SquashCommitFailureTest::test_cleanup_failure_raises_and_preserves_evidence
FAILED tests/test_git_commit_failure.py::SquashCommitFailureTest::test_commit_failure_is_cleaned_up
FAILED tests/test_git_commit_failure.py::SquashCommitFailureTest::test_successful_commit_still_lands
FAILED tests/test_git_conflict.py::SquashConflictCleanupTest::test_added_paths_are_recorded_before_the_merge
FAILED tests/test_git_conflict.py::SquashConflictCleanupTest::test_squash_conflict_raises_with_evidence
FAILED tests/test_git_conflict.py::SquashConflictCleanupTest::test_unrelated_untracked_file_survives_the_cleanup
FAILED tests/test_handlers_run.py::RunLoopContinuationTest::test_a_run_over_an_empty_queue_reports_it_and_claims_nothing
FAILED tests/test_handlers_run.py::RunLoopContinuationTest::test_the_queue_is_worked_one_claim_per_fetch
FAILED tests/test_handlers_run.py::RunOneProcessesOneTest::test_run_one_on_an_empty_queue_claims_nothing_and_returns_zero
FAILED tests/test_handlers_run.py::OwnClaimReturnTest::test_run_one_hands_back_its_extras_under_the_owner_it_claimed_under
FAILED tests/test_handlers_run.py::ForeignClaimRemainsTest::test_a_peer_claim_survives_run_one
FAILED tests/test_handlers_run.py::ForeignClaimRemainsTest::test_an_ownerless_claim_survives_both_run_paths
FAILED tests/test_merge_checkpoint.py::MergeCheckpointTest::test_lost_checkpoint_write_still_completes
FAILED tests/test_merge_checkpoint.py::MergeCheckpointTest::test_merge_is_checkpointed_before_complete
FAILED tests/test_over_cap_session.py::OverCapPropagationTest::test_configured_cap_is_passed_to_pi_cli
FAILED tests/test_over_cap_session.py::OverCapPropagationTest::test_one_over_cap_invocation_writes_exactly_one_annotated_row
FAILED tests/test_over_cap_session.py::OverCapPropagationTest::test_over_cap_and_crash_annotations_share_one_row
FAILED tests/test_over_cap_session.py::OverCapPropagationTest::test_over_cap_fields_reach_session_result
FAILED tests/test_over_cap_session.py::OverCapPropagationTest::test_session_within_the_cap_is_not_annotated
FAILED tests/test_over_cap_session.py::OverCapPropagationTest::test_within_cap_result_reports_the_limit_without_a_trip
FAILED tests/test_pi_subprocess.py::PiSubprocessTest::test_malformed_json_lines_do_not_escape_and_good_lines_still_parse
FAILED tests/test_pipeline_resume.py::PipelineResumeTest::test_corrupt_task_json_resumes_from_spec
FAILED tests/test_pipeline_resume.py::PipelineResumeTest::test_feasibility_kickback_keeps_checkpoint_prefix
FAILED tests/test_pipeline_resume.py::PipelineResumeTest::test_feasibility_kickout_returns_failed
FAILED tests/test_pipeline_resume.py::PipelineResumeTest::test_fresh_run_checkpoints_all_stages
FAILED tests/test_pipeline_resume.py::PipelineResumeTest::test_missing_original_md_does_not_crash
FAILED tests/test_pipeline_resume.py::PipelineResumeTest::test_old_format_task_json_resumes_from_spec
FAILED tests/test_pipeline_resume.py::PipelineResumeTest::test_resume_skips_checkpointed_stages
FAILED tests/test_pipeline_resume.py::PipelineResumeTest::test_slicing_failure_parks
FAILED tests/test_queue_git_guard.py::QueueWorkdirGuardTest::test_missing_workdir_parks_without_mkdir
FAILED tests/test_resume_cli.py::ResumeCliTest::test_resume_active_skips_checkpointed_stages
FAILED tests/test_resume_cli.py::ResumeCliTest::test_resume_corrupt_task_json_resumes_from_spec
FAILED tests/test_resume_cli.py::ResumeCliTest::test_resume_done_task_reports_complete
FAILED tests/test_resume_cli.py::ResumeCliTest::test_resume_fresh_drops_checkpoints
FAILED tests/test_resume_cli.py::ResumeCliTest::test_resume_parked_preserves_checkpoints
FAILED tests/test_resume_cli.py::ResumeCliTest::test_resume_parked_task_prompts_and_resumes
FAILED tests/test_resume_cli.py::ResumeCliTest::test_resume_parked_task_yes_flag_skips_prompt
FAILED tests/test_resume_cli.py::ResumeCliTest::test_task_reconstruction_from_dir
FAILED tests/test_slice_checkpoint.py::SliceCheckpointTest::test_completed_slices_are_recorded_as_they_pass
FAILED tests/test_slice_checkpoint.py::SliceCheckpointTest::test_resume_skips_checkpointed_slices_and_runs_the_rest
FAILED tests/test_slice_checkpoint.py::SliceCheckpointTest::test_slice_not_recorded_when_a_review_fails
FAILED tests/test_slice_checkpoint.py::SliceCheckpointTest::test_stage_marker_is_independent_of_slice_ids
FAILED tests/test_stage_at_callsites.py::PipelineCallSiteTest::test_review_loop_passes_the_review_stage_members
FAILED tests/test_stats.py::StageReportTest::test_bounce_counts_and_rates - A...
FAILED tests/test_stats.py::StageReportTest::test_speed_columns - AssertionEr...
FAILED tests/test_stats.py::StageReportTest::test_stage_counts - AssertionErr...
FAILED tests/test_stats.py::RenderReportTest::test_stage_lines_match_stage_report
FAILED tests/test_workdir_persistence.py::WorkdirPersistenceTest::test_intake_records_workdir_before_ensure_branch
FAILED tests/test_workdir_persistence.py::WorkdirPersistenceTest::test_migrated_state_is_deterministic_thereafter
FAILED tests/test_workdir_persistence.py::WorkdirPersistenceTest::test_old_format_state_migrates_once
FAILED tests/test_workdir_persistence.py::WorkdirPersistenceTest::test_resume_reuses_recorded_workdir
